// Jest Snapshot v1, https://goo.gl/fbAQLP

exports[`SSR 1`] = `
"<!DOCTYPE html>
<html lang=\\"en\\">
  <head>
    <meta charset=\\"utf-8\\">
    <meta name=\\"viewport\\" content=\\"width=device-width, initial-scale=1\\">
    <link rel=\\"icon\\" type=\\"image/png\\" href=\\"/static/favicon.png\\">
    
    <style type=\\"text/css\\"></style>
  </head>
  <body>
    <div id=\\"app\\"><h1>SSR Example</h1>

<p>The current URL is /</p></div>
  <script src=\\"ssr.js\\"></script></body>
</html>
"
`;
