// Jest Snapshot v1, https://goo.gl/fbAQLP

exports[`Logout when logged in 1`] = `
Object {
  "email": "general_user_test@example.com",
  "emailVerified": true,
  "firstName": "General User",
  "id": 1,
  "lastName": "Test",
}
`;
