// Jest Snapshot v1, https://goo.gl/fbAQLP

exports[`Logout • When logged in 1`] = `
Object {
  "email": "general_test@example.com",
  "emailVerified": true,
  "firstName": "General",
  "id": 1,
  "lastName": "Test",
}
`;

exports[`Logout • When logged in 2`] = `
Object {
  "email": "general_test@example.com",
  "emailVerified": true,
  "firstName": "General",
  "id": 1,
  "lastName": "Test",
}
`;
